// Jest Snapshot v1, https://goo.gl/fbAQLP

exports[`testing app component should match snapshot 1`] = `ShallowWrapper {}`;
