// Jest Snapshot v1, https://goo.gl/fbAQLP

exports[`testing Form component should match snapshot 1`] = `ShallowWrapper {}`;
