// Jest Snapshot v1, https://goo.gl/fbAQLP

exports[`testing InputRadio component should match snapshot 1`] = `ShallowWrapper {}`;
